
 ---- Nested basket fp16/fp32 European (Milstein, bracketed, Kahan OFF) ----

**********************************************************
*** MLMC file version 1.0     produced by              ***
*** C++ mlmc_test on Fri Jul 31 03:41:54 2026          ***
**********************************************************

**********************************************************
*** Convergence tests, kurtosis, telescoping sum check ***
*** using N =  20000 samples                           ***
**********************************************************

 l   ave(Pf-Pc)    ave(Pf)   var(Pf-Pc)    var(Pf)    kurtosis     check        cost 
---------------------------------------------------------------------------------------
 0   1.0905e+01  1.0905e+01  2.4944e+02  2.4944e+02  6.6714e+00  0.0000e+00  1.0000e+00 
 1   1.4855e-02  1.4855e-02  9.6490e-04  9.6490e-04  4.8561e+00  0.0000e+00  2.0000e+00 
 2   1.7723e-01  1.1076e+01  6.2863e-01  2.6594e+02  1.2250e+02  0.0000e+00  2.0000e+00 
 3  -7.6602e-06  1.1233e+01  1.6003e-03  2.6656e+02  6.0885e+00  1.0722e+01  4.0000e+00 
 4   9.8379e-02  1.1192e+01  1.5605e-01  2.6646e+02  3.0291e+01  0.0000e+00  4.0000e+00 
 5   1.7265e-04  1.1314e+01  1.7596e-03  2.7616e+02  6.3179e+00  7.0711e-02  8.0000e+00 
 6   6.0429e-02  1.1369e+01  5.7502e-02  2.8306e+02  6.2461e+01  0.0000e+00  8.0000e+00 
 7  -1.0874e-04  1.1247e+01  2.1841e-03  2.7507e+02  6.3125e+00  3.4954e-02  1.6000e+01 
 8   2.9562e-02  1.1277e+01  1.6028e-02  2.7784e+02  1.2701e+01  0.0000e+00  1.6000e+01 
 9   7.6827e-04  1.1214e+01  2.8942e-03  2.7494e+02  6.4517e+00  1.0924e-01  3.2000e+01 
10   1.7130e-02  1.1615e+01  8.2040e-03  2.8342e+02  8.9486e+00  0.0000e+00  3.2000e+01 
11   1.4883e-04  1.1289e+01  4.4997e-03  2.7203e+02  6.2553e+00  2.7943e-01  6.4000e+01 
12   7.1310e-03  1.1218e+01  8.5238e-03  2.7312e+02  6.7148e+00  0.0000e+00  6.4000e+01 
13  -1.8887e-03  1.1414e+01  7.6750e-03  2.7739e+02  6.3187e+00  1.9584e-01  1.2800e+02 
14   2.8149e-03  1.1454e+01  1.3936e-02  2.7928e+02  6.5345e+00  0.0000e+00  1.2800e+02 
15  -2.9305e-04  1.1101e+01  1.3755e-02  2.7329e+02  6.6059e+00  5.6145e-02  2.5600e+02 
16   1.4475e-03  1.1303e+01  2.6196e-02  2.7459e+02  6.3670e+00  0.0000e+00  2.5600e+02 
17   3.6991e-04  1.1344e+01  2.6207e-02  2.7379e+02  6.3268e+00  6.3118e-02  5.1200e+02 
18   1.8277e-03  1.1363e+01  4.9393e-02  2.8277e+02  6.1488e+00  0.0000e+00  5.1200e+02 
19   1.5052e-04  1.1156e+01  5.0005e-02  2.6871e+02  6.4598e+00  9.1354e-02  1.0240e+03 
20   1.2662e-03  1.1427e+01  1.0150e-01  2.8341e+02  6.4306e+00  0.0000e+00  1.0240e+03 
21  -1.5040e-03  1.1475e+01  1.0086e-01  2.8202e+02  6.3069e+00  2.6760e-01  2.0480e+03 

 WARNING: maximum consistency error = 10.721807 
 indicates identity E[Pf-Pc] = E[Pf] - E[Pc] not satisfied 

******************************************************
*** Linear regression estimates of MLMC parameters ***
******************************************************

 alpha = 0.865285  (exponent for MLMC weak convergence)
 beta  = 0.251608  (exponent for MLMC variance) 
 gamma = 1.000000  (exponent for MLMC cost) 

***************************** 
*** MLMC complexity tests *** 
***************************** 

  eps       value   mlmc_cost   std_cost  savings     N_l 
--------------------------------------------------------- 


 ---- Nested basket fp16/fp32 Asian (Milstein, bracketed, Kahan OFF) ----

**********************************************************
*** MLMC file version 1.0     produced by              ***
*** C++ mlmc_test on Fri Jul 31 03:42:25 2026          ***
**********************************************************

**********************************************************
*** Convergence tests, kurtosis, telescoping sum check ***
*** using N =  20000 samples                           ***
**********************************************************

 l   ave(Pf-Pc)    ave(Pf)   var(Pf-Pc)    var(Pf)    kurtosis     check        cost 
---------------------------------------------------------------------------------------
 0   6.2011e+00  6.2011e+00  7.6426e+01  7.6426e+01  6.0187e+00  0.0000e+00  1.0000e+00 
 1   7.5160e-03  7.5160e-03  5.2712e-04  5.2712e-04  5.7376e+00  0.0000e+00  2.0000e+00 
 2   2.9699e-02  6.2740e+00  7.4330e-01  7.8639e+01  1.0099e+01  0.0000e+00  2.0000e+00 
 3   2.8112e-03  6.1321e+00  2.9110e-03  7.6029e+01  5.1133e+00  1.0658e+01  4.0000e+00 
 4   4.4582e-02  6.3448e+00  1.2611e-01  8.1671e+01  1.1627e+01  0.0000e+00  4.0000e+00 
 5   1.4037e-03  6.2768e+00  2.7664e-03  7.9424e+01  5.6200e+00  2.2232e-01  8.0000e+00 
 6   2.5609e-02  6.1743e+00  2.3807e-02  7.8626e+01  1.0273e+01  0.0000e+00  8.0000e+00 
 7   9.3687e-04  6.2002e+00  2.6224e-03  7.9463e+01  5.8364e+00  3.5894e-01  1.6000e+01 
 8   1.5243e-02  6.3491e+00  8.2600e-03  8.0775e+01  7.6718e+00  0.0000e+00  1.6000e+01 
 9   5.4953e-04  6.2631e+00  3.4588e-03  7.9317e+01  5.7781e+00  2.9199e-01  3.2000e+01 
10   8.0554e-03  6.3423e+00  6.7933e-03  8.1027e+01  5.9293e+00  0.0000e+00  3.2000e+01 
11  -5.5477e-05  6.2233e+00  5.6685e-03  7.8662e+01  5.5514e+00  7.1615e-02  6.4000e+01 
12   3.8167e-03  6.2300e+00  1.0597e-02  7.9523e+01  5.6738e+00  0.0000e+00  6.4000e+01 
13   3.9795e-04  6.1840e+00  1.0355e-02  7.9305e+01  5.8327e+00  2.0473e-01  1.2800e+02 
14   1.0197e-03  6.1933e+00  2.2033e-02  7.8620e+01  5.6003e+00  0.0000e+00  1.2800e+02 
15   4.5120e-04  6.2807e+00  2.3192e-02  8.1107e+01  5.5803e+00  7.6762e-02  2.5600e+02 
16   1.0727e-02  6.3378e+00  1.4159e-01  8.3248e+01  5.6753e+00  0.0000e+00  2.5600e+02 
17  -1.9980e-03  6.2762e+00  1.4565e-01  7.9938e+01  5.6357e+00  1.6857e-01  5.1200e+02 
18  -6.1581e-02  6.3148e+00  1.7615e+00  8.4235e+01  5.3023e+00  0.0000e+00  5.1200e+02 
19   7.1672e-02  6.2488e+00  1.7307e+00  7.8932e+01  5.3247e+00  7.3501e-02  1.0240e+03 
20   1.5979e+00  7.7682e+00  1.3101e+01  7.9141e+01  4.2296e+00  0.0000e+00  1.0240e+03 
21  -1.6043e+00  6.3132e+00  1.3247e+01  8.1211e+01  4.1306e+00  1.6620e+00  2.0480e+03 

 WARNING: maximum consistency error = 10.657655 
 indicates identity E[Pf-Pc] = E[Pf] - E[Pc] not satisfied 

******************************************************
*** Linear regression estimates of MLMC parameters ***
******************************************************

 alpha = -0.217870  (exponent for MLMC weak convergence)
 beta  = -0.494754  (exponent for MLMC variance) 
 gamma = 1.000000  (exponent for MLMC cost) 

***************************** 
*** MLMC complexity tests *** 
***************************** 

  eps       value   mlmc_cost   std_cost  savings     N_l 
--------------------------------------------------------- 


 ---- Nested basket fp16/fp32 European (Milstein, bracketed, Kahan ON (fp16+fp32)) ----

**********************************************************
*** MLMC file version 1.0     produced by              ***
*** C++ mlmc_test on Fri Jul 31 03:43:16 2026          ***
**********************************************************

**********************************************************
*** Convergence tests, kurtosis, telescoping sum check ***
*** using N =  20000 samples                           ***
**********************************************************

 l   ave(Pf-Pc)    ave(Pf)   var(Pf-Pc)    var(Pf)    kurtosis     check        cost 
---------------------------------------------------------------------------------------
 0   1.0905e+01  1.0905e+01  2.4944e+02  2.4944e+02  6.6714e+00  0.0000e+00  1.0000e+00 
 1   1.4855e-02  1.4855e-02  9.6490e-04  9.6490e-04  4.8561e+00  0.0000e+00  2.0000e+00 
 2   1.7738e-01  1.1076e+01  6.2893e-01  2.6596e+02  1.2252e+02  0.0000e+00  2.0000e+00 
 3   1.5280e-04  1.1233e+01  1.5325e-03  2.6656e+02  6.0495e+00  1.0722e+01  4.0000e+00 
 4   9.8902e-02  1.1192e+01  1.5614e-01  2.6648e+02  3.0247e+01  0.0000e+00  4.0000e+00 
 5   1.8156e-04  1.1314e+01  1.4833e-03  2.7616e+02  6.3578e+00  7.0447e-02  8.0000e+00 
 6   6.1208e-02  1.1369e+01  5.7390e-02  2.8307e+02  7.3682e+01  0.0000e+00  8.0000e+00 
 7   4.6499e-04  1.1247e+01  1.5323e-03  2.7507e+02  6.1399e+00  3.4095e-02  1.6000e+01 
 8   2.9039e-02  1.1277e+01  1.4411e-02  2.7782e+02  1.4560e+01  0.0000e+00  1.6000e+01 
 9  -1.0567e-04  1.1214e+01  1.5011e-03  2.7494e+02  6.1348e+00  1.0874e-01  3.2000e+01 
10   1.6051e-02  1.1614e+01  4.9977e-03  2.8339e+02  1.0149e+01  0.0000e+00  3.2000e+01 
11   3.3308e-04  1.1289e+01  1.4443e-03  2.7203e+02  6.0743e+00  2.7999e-01  6.4000e+01 
12   7.8828e-03  1.1219e+01  2.3085e-03  2.7314e+02  9.6787e+00  0.0000e+00  6.4000e+01 
13  -1.1718e-04  1.1414e+01  1.3073e-03  2.7739e+02  6.3846e+00  1.9700e-01  1.2800e+02 
14   3.3796e-03  1.1455e+01  1.2663e-03  2.7933e+02  9.2504e+00  0.0000e+00  1.2800e+02 
15  -6.7178e-05  1.1101e+01  1.0626e-03  2.7329e+02  8.5687e+00  5.6623e-02  2.5600e+02 
16   1.7626e-03  1.1304e+01  9.2972e-04  2.7462e+02  1.1864e+01  0.0000e+00  2.5600e+02 
17  -2.8391e-05  1.1344e+01  9.0962e-04  2.7379e+02  1.0103e+01  6.3499e-02  5.1200e+02 
18   1.1325e-03  1.1362e+01  8.5308e-04  2.8277e+02  1.2198e+01  0.0000e+00  5.1200e+02 
19   4.0848e-04  1.1156e+01  8.1069e-04  2.6871e+02  1.1570e+01  9.2948e-02  1.0240e+03 
20   8.5011e-04  1.1428e+01  7.9728e-04  2.8352e+02  1.3505e+01  0.0000e+00  1.0240e+03 
21  -6.8416e-05  1.1475e+01  8.2688e-04  2.8202e+02  1.2226e+01  2.7093e-01  2.0480e+03 

 WARNING: maximum consistency error = 10.721722 
 indicates identity E[Pf-Pc] = E[Pf] - E[Pc] not satisfied 

******************************************************
*** Linear regression estimates of MLMC parameters ***
******************************************************

 alpha = 0.911565  (exponent for MLMC weak convergence)
 beta  = 1.094562  (exponent for MLMC variance) 
 gamma = 1.000000  (exponent for MLMC cost) 

***************************** 
*** MLMC complexity tests *** 
***************************** 

  eps       value   mlmc_cost   std_cost  savings     N_l 
--------------------------------------------------------- 
0.0100  1.1351e+01  7.074e+06  1.875e+09   265.04   4845615     6659   165313     5950    64681     4099    25774     2917    10129     2110     3972     1481     1819      987      996      589      613      364
0.0200  1.1335e+01  1.612e+06  2.384e+08   147.89   1150806     1504    40491     1384    16273      960     6914      713     2412      503      936      345      472      244      238      130
0.0500  1.1339e+01  2.628e+05  9.673e+06    36.81    209833      232     5714      226     2640      200     1189      102      426       66      181       33
0.1000  1.1177e+01  5.345e+04  1.185e+06    22.18     40932      200     1484      200      552      200      252       20      110       14
0.2000  1.1443e+01  1.611e+04  2.963e+05    18.39     10556      200      391      200      200      200       63        6       30        3


 ---- Nested basket fp16/fp32 Asian (Milstein, bracketed, Kahan ON (fp16+fp32)) ----

**********************************************************
*** MLMC file version 1.0     produced by              ***
*** C++ mlmc_test on Fri Jul 31 03:43:55 2026          ***
**********************************************************

**********************************************************
*** Convergence tests, kurtosis, telescoping sum check ***
*** using N =  20000 samples                           ***
**********************************************************

 l   ave(Pf-Pc)    ave(Pf)   var(Pf-Pc)    var(Pf)    kurtosis     check        cost 
---------------------------------------------------------------------------------------
 0   6.2011e+00  6.2011e+00  7.6426e+01  7.6426e+01  6.0187e+00  0.0000e+00  1.0000e+00 
 1   7.5160e-03  7.5160e-03  5.2712e-04  5.2712e-04  5.7376e+00  0.0000e+00  2.0000e+00 
 2   2.9247e-02  6.2735e+00  7.4268e-01  7.8636e+01  1.0099e+01  0.0000e+00  2.0000e+00 
 3   3.1708e-03  6.1321e+00  2.6430e-03  7.6029e+01  5.1678e+00  1.0658e+01  4.0000e+00 
 4   4.4668e-02  6.3449e+00  1.2597e-01  8.1676e+01  1.1695e+01  0.0000e+00  4.0000e+00 
 5   1.1629e-03  6.2768e+00  2.0563e-03  7.9424e+01  5.7860e+00  2.2331e-01  8.0000e+00 
 6   2.5302e-02  6.1740e+00  2.2506e-02  7.8617e+01  1.0359e+01  0.0000e+00  8.0000e+00 
 7   1.1181e-03  6.2002e+00  1.3487e-03  7.9463e+01  6.3176e+00  3.5954e-01  1.6000e+01 
 8   1.5522e-02  6.3496e+00  5.6772e-03  8.0778e+01  9.1119e+00  0.0000e+00  1.6000e+01 
 9   6.1195e-04  6.2631e+00  1.1197e-03  7.9317e+01  6.4543e+00  2.9296e-01  3.2000e+01 
10   8.0612e-03  6.3423e+00  2.1293e-03  8.1027e+01  9.2540e+00  0.0000e+00  3.2000e+01 
11   1.1994e-04  6.2233e+00  9.7169e-04  7.8662e+01  6.6188e+00  7.2605e-02  6.4000e+01 
12   4.3724e-03  6.2303e+00  1.2056e-03  7.9551e+01  6.5208e+00  0.0000e+00  6.4000e+01 
13   2.6114e-04  6.1840e+00  9.3468e-04  7.9305e+01  6.5659e+00  2.0574e-01  1.2800e+02 
14   1.8875e-03  6.1929e+00  9.7308e-04  7.8631e+01  6.5055e+00  0.0000e+00  1.2800e+02 
15   2.0150e-04  6.2807e+00  9.4772e-04  8.1107e+01  6.4918e+00  7.5623e-02  2.5600e+02 
16   1.6200e-03  6.3290e+00  9.5953e-04  8.3124e+01  6.7067e+00  0.0000e+00  2.5600e+02 
17  -5.3243e-04  6.2762e+00  9.3779e-04  7.9938e+01  6.6898e+00  1.7088e-01  5.1200e+02 
18  -1.7626e-03  6.3757e+00  8.9932e-04  8.1399e+01  6.7163e+00  0.0000e+00  5.1200e+02 
19   2.5116e-03  6.2488e+00  8.9896e-04  7.8932e+01  6.6127e+00  2.4281e-02  1.0240e+03 
20  -2.2412e-03  6.2352e+00  7.1876e-04  7.9761e+01  1.1575e+01  0.0000e+00  1.0240e+03 
21   2.3528e-03  6.3132e+00  7.2573e-04  8.1211e+01  1.1679e+01  1.0010e-01  2.0480e+03 

 WARNING: maximum consistency error = 10.658207 
 indicates identity E[Pf-Pc] = E[Pf] - E[Pc] not satisfied 

******************************************************
*** Linear regression estimates of MLMC parameters ***
******************************************************

 alpha = 0.580761  (exponent for MLMC weak convergence)
 beta  = 1.037821  (exponent for MLMC variance) 
 gamma = 1.000000  (exponent for MLMC cost) 

***************************** 
*** MLMC complexity tests *** 
***************************** 

  eps       value   mlmc_cost   std_cost  savings     N_l 
--------------------------------------------------------- 
0.0100  6.2624e+00  4.888e+06  2.178e+09   445.56   2210521     4188   155457     6687    54247     4035    18930     2409     6606     1439     2305     1007     1083      759      697      490      449      323      332      226      217      155
0.0200  6.2739e+00  6.304e+05  3.394e+07    53.84    391939      712    27672     1214     9657      719     4218      445     1537      267      555      141      209      143
0.0500  6.3170e+00  9.527e+04  2.766e+06    29.03     60533      200     4393      200     1533      200      705       62      253       45       93       30
0.1000  6.4330e+00  2.545e+04  6.914e+05    27.17     15281      200     1046      200      365      200      171       13       62        5       22        6
0.2000  5.8215e+00  7.394e+03  4.193e+04     5.67      3066      200      200      200      200      200       33        4


 ---- Nested basket fp16/fp32 European (Milstein, bracketed, Kahan ON (fp16+fp32), Adaptive l_star) ----
      l_star = 6

**********************************************************
*** MLMC file version 1.0     produced by              ***
*** C++ mlmc_test on Fri Jul 31 03:44:55 2026          ***
**********************************************************

**********************************************************
*** Convergence tests, kurtosis, telescoping sum check ***
*** using N =  20000 samples                           ***
**********************************************************

 l   ave(Pf-Pc)    ave(Pf)   var(Pf-Pc)    var(Pf)    kurtosis     check        cost 
---------------------------------------------------------------------------------------
 0   1.0905e+01  1.0905e+01  2.4944e+02  2.4944e+02  6.6714e+00  0.0000e+00  1.0000e+00 
 1   1.4855e-02  1.4855e-02  9.6490e-04  9.6490e-04  4.8561e+00  0.0000e+00  2.0000e+00 
 2   1.7738e-01  1.1076e+01  6.2893e-01  2.6596e+02  1.2252e+02  0.0000e+00  2.0000e+00 
 3   1.5280e-04  1.1233e+01  1.5325e-03  2.6656e+02  6.0495e+00  1.0722e+01  4.0000e+00 
 4   9.8902e-02  1.1192e+01  1.5614e-01  2.6648e+02  3.0247e+01  0.0000e+00  4.0000e+00 
 5   1.8156e-04  1.1314e+01  1.4833e-03  2.7616e+02  6.3578e+00  7.0447e-02  8.0000e+00 
 6   6.1208e-02  1.1369e+01  5.7390e-02  2.8307e+02  7.3682e+01  0.0000e+00  8.0000e+00 
 7   4.6499e-04  1.1247e+01  1.5323e-03  2.7507e+02  6.1399e+00  3.4095e-02  1.6000e+01 
 8   2.9039e-02  1.1277e+01  1.4411e-02  2.7782e+02  1.4560e+01  0.0000e+00  1.6000e+01 
 9  -1.0567e-04  1.1214e+01  1.5011e-03  2.7494e+02  6.1348e+00  1.0874e-01  3.2000e+01 
10   1.6051e-02  1.1614e+01  4.9977e-03  2.8339e+02  1.0149e+01  0.0000e+00  3.2000e+01 
11   3.3308e-04  1.1289e+01  1.4443e-03  2.7203e+02  6.0743e+00  2.7999e-01  6.4000e+01 
12   7.7312e-03  1.1234e+01  9.2116e-04  2.7356e+02  1.8450e+01  0.0000e+00  1.2800e+02 
13   1.9858e-04  1.1498e+01  1.8090e-03  2.8426e+02  8.1942e+00  1.2587e-01  1.2800e+02 
14   3.8433e-03  1.1211e+01  2.2554e-04  2.7348e+02  1.0113e+01  0.0000e+00  2.5600e+02 
15  -7.9187e-05  1.1220e+01  4.5991e-04  2.7581e+02  7.3668e+00  2.1644e-01  2.5600e+02 
16   1.9071e-03  1.1358e+01  5.6796e-05  2.7367e+02  9.2966e+00  0.0000e+00  5.1200e+02 
17   5.9536e-05  1.1482e+01  1.1461e-04  2.8695e+02  6.6195e+00  2.8800e-01  5.1200e+02 
18   9.5014e-04  1.1134e+01  1.3775e-05  2.6849e+02  1.0135e+01  0.0000e+00  1.0240e+03 
19  -1.0283e-05  1.1448e+01  2.8406e-05  2.8931e+02  6.0679e+00  1.8296e-01  1.0240e+03 
20   5.1766e-04  1.1482e+01  3.6771e-06  2.8232e+02  9.0442e+00  0.0000e+00  2.0480e+03 
21   1.6454e-05  1.1255e+01  7.1032e-06  2.7150e+02  6.4253e+00  1.0906e-01  2.0480e+03 

 WARNING: maximum consistency error = 10.721722 
 indicates identity E[Pf-Pc] = E[Pf] - E[Pc] not satisfied 

******************************************************
*** Linear regression estimates of MLMC parameters ***
******************************************************

 alpha = 0.954699  (exponent for MLMC weak convergence)
 beta  = 1.945891  (exponent for MLMC variance) 
 gamma = 1.151515  (exponent for MLMC cost) 

***************************** 
*** MLMC complexity tests *** 
***************************** 

  eps       value   mlmc_cost   std_cost  savings     N_l 
--------------------------------------------------------- 
0.0100  1.1348e+01  6.282e+06  9.335e+08   148.60   4545927     6229   164783     5713    60699     4004    22608     2801     8620     1948     3506     1433     1215     1061      262      421
0.0200  1.1340e+01  1.591e+06  2.334e+08   146.68   1150287     1499    39114     1398    14902     1016     5597      740     2352      447      953      362      326      280       84       97
0.0500  1.1341e+01  2.405e+05  4.742e+06    19.71    199586      250     6400      226     2831      200      741      102      266       62
0.1000  1.1360e+01  5.538e+04  6.039e+05    10.90     44362      200     1980      200      628      200      194       12
0.2000  1.1135e+01  1.460e+04  7.106e+04     4.87     10039      200      483      200      200      200


 ---- Nested basket fp16/fp32 Asian (Milstein, bracketed, Kahan ON (fp16+fp32), Adaptive l_star) ----
      l_star = 6

**********************************************************
*** MLMC file version 1.0     produced by              ***
*** C++ mlmc_test on Fri Jul 31 03:45:18 2026          ***
**********************************************************

**********************************************************
*** Convergence tests, kurtosis, telescoping sum check ***
*** using N =  20000 samples                           ***
**********************************************************

 l   ave(Pf-Pc)    ave(Pf)   var(Pf-Pc)    var(Pf)    kurtosis     check        cost 
---------------------------------------------------------------------------------------
 0   6.2011e+00  6.2011e+00  7.6426e+01  7.6426e+01  6.0187e+00  0.0000e+00  1.0000e+00 
 1   7.5160e-03  7.5160e-03  5.2712e-04  5.2712e-04  5.7376e+00  0.0000e+00  2.0000e+00 
 2   2.9247e-02  6.2735e+00  7.4268e-01  7.8636e+01  1.0099e+01  0.0000e+00  2.0000e+00 
 3   3.1708e-03  6.1321e+00  2.6430e-03  7.6029e+01  5.1678e+00  1.0658e+01  4.0000e+00 
 4   4.4668e-02  6.3449e+00  1.2597e-01  8.1676e+01  1.1695e+01  0.0000e+00  4.0000e+00 
 5   1.1629e-03  6.2768e+00  2.0563e-03  7.9424e+01  5.7860e+00  2.2331e-01  8.0000e+00 
 6   2.5302e-02  6.1740e+00  2.2506e-02  7.8617e+01  1.0359e+01  0.0000e+00  8.0000e+00 
 7   1.1181e-03  6.2002e+00  1.3487e-03  7.9463e+01  6.3176e+00  3.5954e-01  1.6000e+01 
 8   1.5522e-02  6.3496e+00  5.6772e-03  8.0778e+01  9.1119e+00  0.0000e+00  1.6000e+01 
 9   6.1195e-04  6.2631e+00  1.1197e-03  7.9317e+01  6.4543e+00  2.9296e-01  3.2000e+01 
10   8.0612e-03  6.3423e+00  2.1293e-03  8.1027e+01  9.2540e+00  0.0000e+00  3.2000e+01 
11   1.1994e-04  6.2233e+00  9.7169e-04  7.8662e+01  6.6188e+00  7.2605e-02  6.4000e+01 
12   4.2783e-03  6.2432e+00  2.5117e-04  7.9718e+01  1.0311e+01  0.0000e+00  1.2800e+02 
13   7.4217e-06  6.2216e+00  5.0913e-04  7.8942e+01  6.4152e+00  1.3871e-01  1.2800e+02 
14   2.2759e-03  6.2999e+00  6.2758e-05  8.2174e+01  8.3678e+00  0.0000e+00  2.5600e+02 
15   4.4300e-05  6.3366e+00  1.2601e-04  8.1953e+01  5.7552e+00  2.2211e-01  2.5600e+02 
16   1.0885e-03  6.2369e+00  1.5365e-05  8.1009e+01  9.1133e+00  0.0000e+00  5.1200e+02 
17  -1.1310e-05  6.3540e+00  3.1203e-05  8.1362e+01  5.5400e+00  6.0885e-02  5.1200e+02 
18   5.5580e-04  6.2828e+00  3.8861e-06  7.8675e+01  7.4475e+00  0.0000e+00  1.0240e+03 
19  -2.7420e-05  6.2728e+00  7.6906e-06  8.0345e+01  5.5560e+00  4.7150e-02  1.0240e+03 
20   2.7855e-04  6.2922e+00  9.6240e-07  8.1138e+01  7.6226e+00  0.0000e+00  2.0480e+03 
21   7.9968e-06  6.3068e+00  1.9249e-06  8.0918e+01  5.4379e+00  5.6788e-02  2.0480e+03 

 WARNING: maximum consistency error = 10.658207 
 indicates identity E[Pf-Pc] = E[Pf] - E[Pc] not satisfied 

******************************************************
*** Linear regression estimates of MLMC parameters ***
******************************************************

 alpha = 0.828151  (exponent for MLMC weak convergence)
 beta  = 2.158020  (exponent for MLMC variance) 
 gamma = 1.151515  (exponent for MLMC cost) 

***************************** 
*** MLMC complexity tests *** 
***************************** 

  eps       value   mlmc_cost   std_cost  savings     N_l 
--------------------------------------------------------- 
0.0100  6.2656e+00  2.340e+06  2.805e+08   119.86   1527416     2965   107436     4462    30942     2773     9310     1649     3295     1018     1325      676      421      346       97      130
0.0200  6.3035e+00  5.709e+05  3.401e+07    59.58    376199      695    26771     1062     7858      709     2310      420      876      258      364      174      121       99
0.0500  6.2220e+00  8.329e+04  1.379e+06    16.55     62061      200     3871      200     1105      200      357       39      106       34
0.1000  6.1872e+00  2.202e+04  8.712e+04     3.96     16301      200      926      200      268      200
0.2000  6.2336e+00  7.303e+03  2.178e+04     2.98      3251      200      226      200      200      200

